<html>
<body>
<pre>
<h1>µVision Build Log</h1>
<h2>Project:</h2>
S:\COE718\project\givns\examples\LCD_Blinky\Blinky.uvproj
Project File Date:  11/15/2019

<h2>Output:</h2>
Rebuild target 'LPC1768 Flash'
assembling startup_LPC17xx.s...
compiling system_LPC17xx.c...
compiling core_cm3.c...
compiling Blinky.c...
Blinky.c(48): warning:  #177-D: variable "i" was declared but never referenced
  int i = 0;
Blinky.c(203): warning:  #177-D: variable "num" was declared but never referenced
    int num     = -1; 
Blinky.c(204): warning:  #177-D: variable "dir" was declared but never referenced
    int dir     =  1;
Blinky.c(205): warning:  #177-D: variable "pic" was declared but never referenced
    int pic     =  0;
Blinky.c: 4 warnings, 0 errors
compiling IRQ.c...
compiling GLCD_SPI_LPC1700.c...
compiling LED.c...
compiling KBD.c...
compiling dkir.c...
compiling expb.c...
compiling huh.c...
compiling isthis.c...
compiling pball.c...
compiling smD.c...
compiling smFL.c...
compiling smFR.c...
linking...
Program Size: Code=6864 RO-data=88748 RW-data=56 ZI-data=512  
".\Flash\Blinky.axf" - 0 Error(s), 4 Warning(s).
Load "S:\\COE718\\project\\givns\\examples\\LCD_Blinky\\Flash\\Blinky.axf" 
Erase Done.
Programming Done.
Verify OK.
 to RAM for Flash Algorithms !
Verify Failed!
Error: Flash Download failed  -  "Cortex-M3"
18\\project\\givns\\examples\\LCD_Blinky\\Flash\\Blinky.axf" 
Cannot Write to RAM for Flash Algorithms !
Erase Failed!
Error: Flash Download failed  -  "Cortex-M3"
